{"cycles":[{"name":"bar","path":"testdata/triangle/bar","imports":{"testdata/triangle/foo":{"name":"testdata/triangle/foo","nameShort":"foo","alias":null}},"files":[{"path":"testdata/triangle/bar/bar.go","imports":[{"name":"testdata/triangle/foo","nameShort":"foo","alias":null}]}],"cycles":[{"affectedImport":{"name":"testdata/triangle/foo","nameShort":"foo","alias":null},"affectedFile":"testdata/triangle/bar/bar.go"}],"haveCycle":true},{"name":"baz","path":"testdata/triangle/baz","imports":{"testdata/triangle/bar":{"name":"testdata/triangle/bar","nameShort":"bar","alias":null}},"files":[{"path":"testdata/triangle/baz/baz.go","imports":[{"name":"testdata/triangle/bar","nameShort":"bar","alias":null}]}],"cycles":[{"affectedImport":{"name":"testdata/triangle/bar","nameShort":"bar","alias":null},"affectedFile":"testdata/triangle/baz/baz.go"}],"haveCycle":true},{"name":"foo","path":"testdata/triangle/foo","imports":{"testdata/triangle/baz":{"name":"testdata/triangle/baz","nameShort":"baz","alias":null}},"files":[{"path":"testdata/triangle/foo/foo.go","imports":[{"name":"testdata/triangle/baz","nameShort":"baz","alias":null}]}],"cycles":[{"affectedImport":{"name":"testdata/triangle/baz","nameShort":"baz","alias":null},"affectedFile":"testdata/triangle/foo/foo.go"}],"haveCycle":true}],"metadata":{"cycles":[["bar","foo","baz","bar"],["baz","bar","foo","baz"],["foo","baz","bar","foo"]]}}
