{"cycles":[{"name":"bar","path":"testdata/notAffectedFiles/bar","imports":{"testdata/notAffectedFiles/baz":{"name":"testdata/notAffectedFiles/baz","nameShort":"baz","alias":null}},"files":[{"path":"testdata/notAffectedFiles/bar/bar.go","imports":[{"name":"testdata/notAffectedFiles/baz","nameShort":"baz","alias":null}]}],"cycles":[{"affectedImport":{"name":"testdata/notAffectedFiles/baz","nameShort":"baz","alias":null},"affectedFile":"testdata/notAffectedFiles/bar/bar.go"}],"haveCycle":true},{"name":"baz","path":"testdata/notAffectedFiles/baz","imports":{"testdata/notAffectedFiles/bar":{"name":"testdata/notAffectedFiles/bar","nameShort":"bar","alias":null}},"files":[{"path":"testdata/notAffectedFiles/baz/baz.go","imports":[{"name":"testdata/notAffectedFiles/bar","nameShort":"bar","alias":null}]}],"cycles":[{"affectedImport":{"name":"testdata/notAffectedFiles/bar","nameShort":"bar","alias":null},"affectedFile":"testdata/notAffectedFiles/baz/baz.go"}],"haveCycle":true}],"metadata":{"cycles":[["bar","baz","bar"],["baz","bar","baz"]]}}
