Found 2 cycles

bar -> baz -> bar
baz -> bar -> baz

Details

[bar -> baz] "testdata/notAffectedFiles/baz"
   testdata/notAffectedFiles/bar/bar.go

[baz -> bar] "testdata/notAffectedFiles/bar"
   testdata/notAffectedFiles/baz/baz.go
