{"cycles":[{"name":"bar","path":"testdata/nocycle/bar","imports":{"testdata/nocycle/foo":{"name":"testdata/nocycle/foo","nameShort":"foo","alias":null}},"files":[{"path":"testdata/nocycle/bar/bar.go","imports":[{"name":"testdata/nocycle/foo","nameShort":"foo","alias":null}]}],"haveCycle":false},{"name":"baz","path":"testdata/nocycle/baz","imports":{"testdata/nocycle/foo":{"name":"testdata/nocycle/foo","nameShort":"foo","alias":null}},"files":[{"path":"testdata/nocycle/baz/baz.go","imports":[{"name":"testdata/nocycle/foo","nameShort":"foo","alias":null}]}],"haveCycle":false}],"metadata":{"cycles":[]}}
