{"cycles":[{"name":"bar","path":"testdata/onetoone/bar","imports":{"testdata/onetoone/baz":{"name":"testdata/onetoone/baz","nameShort":"baz","alias":null}},"files":[{"path":"testdata/onetoone/bar/bar.go","imports":[{"name":"testdata/onetoone/baz","nameShort":"baz","alias":null}]}],"cycles":[{"affectedImport":{"name":"testdata/onetoone/baz","nameShort":"baz","alias":null},"affectedFile":"testdata/onetoone/bar/bar.go"}],"haveCycle":true},{"name":"baz","path":"testdata/onetoone/baz","imports":{"testdata/onetoone/bar":{"name":"testdata/onetoone/bar","nameShort":"bar","alias":null},"testdata/onetoone/foo":{"name":"testdata/onetoone/foo","nameShort":"foo","alias":null}},"files":[{"path":"testdata/onetoone/baz/baz.go","imports":[{"name":"testdata/onetoone/bar","nameShort":"bar","alias":null},{"name":"testdata/onetoone/foo","nameShort":"foo","alias":null}]}],"cycles":[{"affectedImport":{"name":"testdata/onetoone/bar","nameShort":"bar","alias":null},"affectedFile":"testdata/onetoone/baz/baz.go"}],"haveCycle":true},{"name":"foo","path":"testdata/onetoone/foo","imports":{},"files":[{"path":"testdata/onetoone/foo/foo.go","imports":[]}],"haveCycle":false}],"metadata":{"cycles":[["bar","baz","bar"],["baz","bar","baz"]]}}
