[{"name":"bar","path":"testdata/onetoone/bar","imports":{"testdata/onetoone/baz":{"name":"testdata/onetoone/baz","nameShort":"baz","alias":null}},"files":[{"path":"testdata/onetoone/bar/bar.go","imports":[{"name":"testdata/onetoone/baz","nameShort":"baz","alias":null}]}],"cycles":[{"affectedImport":{"name":"testdata/onetoone/baz","nameShort":"baz","alias":null},"affectedFile":"testdata/onetoone/bar/bar.go"}],"haveCycle":true},{"name":"baz","path":"testdata/onetoone/baz","imports":{"testdata/onetoone/bar":{"name":"testdata/onetoone/bar","nameShort":"bar","alias":null}},"files":[{"path":"testdata/onetoone/baz/baz.go","imports":[{"name":"testdata/onetoone/bar","nameShort":"bar","alias":null}]}],"cycles":[{"affectedImport":{"name":"testdata/onetoone/bar","nameShort":"bar","alias":null},"affectedFile":"testdata/onetoone/baz/baz.go"}],"haveCycle":true}]
