[bar -> baz] "testdata/onetoone/baz"
   testdata/onetoone/bar/bar.go

[baz -> bar] "testdata/onetoone/bar"
   testdata/onetoone/baz/baz.go
[baz -> foo] "testdata/onetoone/foo"
   testdata/onetoone/baz/baz.go


