testdata/corruptedFiles/brokenImport/brokenImport.go:8:2: string literal not terminated
