testdata/corruptedFiles/brokenPackage/brokenPackage.go:5:1: expected 'package', found 'IDENT' pakage
