testdata/corruptedFiles/brokenImport/brokenImport.go:8:5: string literal not terminated
