{"cycles":[{"name":"bar","path":"testdata/diagonal/bar","imports":{"testdata/diagonal/foo":{"name":"testdata/diagonal/foo","nameShort":"foo","alias":null}},"files":[{"path":"testdata/diagonal/bar/bar.go","imports":[{"name":"testdata/diagonal/foo","nameShort":"foo","alias":null}]}],"cycles":[{"affectedImport":{"name":"testdata/diagonal/foo","nameShort":"foo","alias":null},"affectedFile":"testdata/diagonal/bar/bar.go"}],"haveCycle":true},{"name":"baz","path":"testdata/diagonal/baz","imports":{"testdata/diagonal/bar":{"name":"testdata/diagonal/bar","nameShort":"bar","alias":null}},"files":[{"path":"testdata/diagonal/baz/baz.go","imports":[{"name":"testdata/diagonal/bar","nameShort":"bar","alias":null}]}],"cycles":[{"affectedImport":{"name":"testdata/diagonal/bar","nameShort":"bar","alias":null},"affectedFile":"testdata/diagonal/baz/baz.go"}],"haveCycle":true},{"name":"foo","path":"testdata/diagonal/foo","imports":{"testdata/diagonal/pas":{"name":"testdata/diagonal/pas","nameShort":"pas","alias":null}},"files":[{"path":"testdata/diagonal/foo/foo.go","imports":[{"name":"testdata/diagonal/pas","nameShort":"pas","alias":null}]}],"cycles":[{"affectedImport":{"name":"testdata/diagonal/pas","nameShort":"pas","alias":null},"affectedFile":"testdata/diagonal/foo/foo.go"}],"haveCycle":true},{"name":"pas","path":"testdata/diagonal/pas","imports":{"testdata/diagonal/baz":{"name":"testdata/diagonal/baz","nameShort":"baz","alias":null}},"files":[{"path":"testdata/diagonal/pas/pas.go","imports":[{"name":"testdata/diagonal/baz","nameShort":"baz","alias":null}]}],"cycles":[{"affectedImport":{"name":"testdata/diagonal/baz","nameShort":"baz","alias":null},"affectedFile":"testdata/diagonal/pas/pas.go"}],"haveCycle":true}],"metadata":{"cycles":[["bar","foo","pas","baz","bar"],["baz","bar","foo","pas","baz"],["foo","pas","baz","bar","foo"],["pas","baz","bar","foo","pas"]]}}
